Error: unknown command "severe" for "terrascan"

Did you mean this?
	server

Run 'terrascan --help' for usage.